I'm sorry, but errors were detected in your script. Please correct the
errors listed below, and try again.


File "game/script.rpy", line 658: Menu does not contain any choices.
    menu:
         ^

File "game/script.rpy", line 660: expected statement.
    "Lurus" :
            ^

File "game/script.rpy", line 663: expected statement.
    "Kiri" :
           ^

Ren'Py Version: Ren'Py 8.3.7.25031702
Tue Apr 29 12:57:46 2025
